* M16C Series and R8C Family Assmbler *   SOURCE LIST       Wed Oct 31 16:45:29 2012  PAGE 001

  SEQ.  LOC.   OBJ.              0XMSDA ....*....SOURCE STATEMENT....7....*....8....*....9....*....0....*....1....*....2....*....3....*....4....*....5....*....6....*....7....*....8....*....9....*....0

     1                                  ;===================================================================================================
     2                                  ;===============================================================================
     3                                  ; アドレス関連定義
     4                                  ;===============================================================================
     5                                  ;===========================================================
     6                                  ; メモリ 
     7                                  ;===========================================================
     8  00000400h                       RAM_TOP                 .EQU    0400H           ; RAMの先頭アドレス
     9  000033FFh                       RAM_END                 .EQU    33FFH           ; RAMの終了アドレス
    10  0000F000h                       DATAROM_TOP             .EQU    0F000H          ; データ用ROMの先頭アドレス
    11  0000FFFFh                       DATAROM_END             .EQU    0FFFFH          ; データ用ROMの終了アドレス
    12  000F0000h                       ROM_TOP                 .EQU    0F0000H         ; ROMの先頭アドレス
    13  000FFFFFh                       ROM_END                 .EQU    0FFFFFH         ; ROMの終了アドレス
    14                                  
    15                                  ;===========================================================
    16                                  ; ベクタテーブル 
    17                                  ;===========================================================
    18  000FFE00h                       VARIABLE_VECTOR_TOP     .EQU    0FFE00H         ; 可変ベクタテーブル先頭アドレス
    19  000FFFDCh                       FIXED_VECTOR_TOP        .EQU    0FFFDCH         ; 固定ベクタテーブル先頭アドレス
    20                                  
    21                                  ;===========================================================
    22                                  ; SB/FB
    23                                  ;===========================================================
    24  00000400h                       SB_BASE                 .EQU    0400H           ; スタティックベースアドレス
    25  00000400h                       FB_BASE                 .EQU    0400H           ; フレームベースアドレス
    26                                  
    27                                  ;===========================================================
    28                                  ; ヒープ／スタック
    29                                  ;===========================================================
    30  00000100h                       HEAPSIZE                .EQU    0100H           ; ヒープ領域のサイズ
    31  00000100h                       STACKSIZE               .EQU    0100H           ; スタック領域のサイズ
    32                                  
    33                                  ;===========================================================
    34                                  ; IDコード
    35                                  ;===========================================================
    36  000000FFh                       IDCODE_0                .EQU    0FFH            ; FFDF番地のIDコード
    37  000000FFh                       IDCODE_1                .EQU    0FFH            ; FFE3番地のIDコード
    38  000000FFh                       IDCODE_2                .EQU    0FFH            ; FFEB番地のIDコード
    39  000000FFh                       IDCODE_3                .EQU    0FFH            ; FFEF番地のIDコード
    40  000000FFh                       IDCODE_4                .EQU    0FFH            ; FFF3番地のIDコード
    41  000000FFh                       IDCODE_5                .EQU    0FFH            ; FFF7番地のIDコード
    42  000000FFh                       IDCODE_6                .EQU    0FFH            ; FFFB番地のIDコード
    43                                  
    44                                  ;===========================================================
    45                                  ; ROMプロテクトコード
    46                                  ;===========================================================
    47  000000FFh                       ROM_PROTECT             .EQU    0FFH            ; FFFF番地のROMコードプロテクト
    48                                  
    49                                  
    50                                  
    51                                  
    52                                  ;===============================================================================
    53                                  ; マクロ定義
    54                                  ;===============================================================================
    55                                  ;===========================================================
    56                                  ; 初期化 
    57                                  ;===========================================================
    58                             D    CLEAR   .MACRO          Top, Size, Value
    59                             D            MOV.B           #Value, R0L                     ; クリアする値を代入 
    60                             D            MOV.W           #(Top & 0FFFFH), A1             ; クリアするアドレス先頭番地を代入 
    61                             D            MOV.W           #Size, R3                       ; クリアサイズを代入 
    62                             D            SSTR.B                                          ; クリア実行
* M16C Series and R8C Family Assmbler *   SOURCE LIST       Wed Oct 31 16:45:29 2012  PAGE 002

  SEQ.  LOC.   OBJ.              0XMSDA ....*....SOURCE STATEMENT....7....*....8....*....9....*....0....*....1....*....2....*....3....*....4....*....5....*....6....*....7....*....8....*....9....*....0

    63                                          .ENDM
    64                                  
    65                                  ;===========================================================
    66                                  ; コピー
    67                                  ;===========================================================
    68                             D    COPY    .MACRO          From, _To, Size
    69                             D            MOV.W           #(From & 0FFFFH) , A0           ; コピー元アドレス先頭番地  0-15bit を代入代入 
    70                             D            MOV.B           #(From >> 16), R1H              ; コピー元アドレス先頭番地 16-20bit を代入 
    71                             D            MOV.W           #_To, A1                                ; コピー先アドレス先頭番地を代入 
    72                             D            MOV.W           #sizeof Size, R3                ; コピーサイズを代入 
    73                             D            SMOVF.B                                         ; コピー実行
    74                             D    
    75                                          .ENDM
    76                                  
    77                                  ;===============================================================================
    78                                  ; ヒープ領域 
    79                                  ; ※アセンブル実行時に、-D_HEAP=1 を定義する事で使用可能です。
    80                                  ;===============================================================================
    81                                          .SECTION        heap, DATA
    82  00400                                   .ORG            RAM_TOP
    83                                  .IF _HEAP==1
    84                                  .ELSE
    85                                  ; ヒープエリアを使用しない場合は、領域を確保しません。
    86  00400                           HEAP_TOP:
    87                                  .ENDIF
    88                                  
    89                                  
    90                                  
    91                                  
    92                                  ;===============================================================================
    93                                  ; 変数領域 NEAR
    94                                  ;===============================================================================
    95                                  ;===========================================================
    96                                  ; 初期値を持つ静的変数領域　SBDATA領域　偶数 
    97                                  ;===========================================================
    98                                          .SECTION        data_SE, DATA
    99  00000                           data_SE_TOP:
   100                                  
   101                                  ;===========================================================
   102                                  ; 初期値を持つ変数領域　SBDATA領域　奇数 
   103                                  ;===========================================================
   104                                          .SECTION        data_SO, DATA
   105  00000                           data_SO_TOP:
   106                                  
   107                                  ;===========================================================
   108                                  ; 初期値を持たない静的変数領域　SBDATA領域　偶数 
   109                                  ;===========================================================
   110                                          .SECTION        bss_SE, DATA
   111  00000                           bss_SE_TOP:
   112                                  
   113                                  ;===========================================================
   114                                  ; 初期値を持たない変数領域　SBDATA領域　奇数 
   115                                  ;===========================================================
   116                                          .SECTION        bss_SO, DATA
   117  00000                           bss_SO_TOP:
   118                                  
   119                                  ;===========================================================
   120                                  ; 初期値を持つ静的変数領域　NEAR領域　偶数 
   121                                  ;===========================================================
   122                                          .SECTION        data_NE, DATA
   123  00000                           data_NE_TOP:
   124                                  
* M16C Series and R8C Family Assmbler *   SOURCE LIST       Wed Oct 31 16:45:29 2012  PAGE 003

  SEQ.  LOC.   OBJ.              0XMSDA ....*....SOURCE STATEMENT....7....*....8....*....9....*....0....*....1....*....2....*....3....*....4....*....5....*....6....*....7....*....8....*....9....*....0

   125                                  ;===========================================================
   126                                  ; 初期値を持つ変数領域　NEAR領域　奇数 
   127                                  ;===========================================================
   128                                          .SECTION        data_NO, DATA
   129  00000                           data_NO_TOP:
   130                                  
   131                                  ;===========================================================
   132                                  ; 初期値を持たない静的変数領域　NEAR領域　偶数 
   133                                  ;===========================================================
   134                                          .SECTION        bss_NE, DATA
   135  00000                           bss_NE_TOP:
   136                                  
   137                                  ;===========================================================
   138                                  ; 初期値を持たない変数領域　NEAR領域　奇数 
   139                                  ;===========================================================
   140                                          .SECTION        bss_NO, DATA
   141  00000                           bss_NO_TOP:
   142                                  
   143                                  
   144                                  
   145                                  
   146                                  ;===============================================================================
   147                                  ; 変数領域 FAR
   148                                  ;===============================================================================
   149                                  ;===========================================================
   150                                  ; 初期値を持つ静的変数領域　FAR領域　偶数 
   151                                  ;===========================================================
   152                                          .SECTION        data_FE, DATA
   153  00000                           data_FE_TOP:
   154                                  
   155                                  ;===========================================================
   156                                  ; 初期値を持つ変数領域　FAR領域　奇数 
   157                                  ;===========================================================
   158                                          .SECTION        data_FO, DATA
   159  00000                           data_FO_TOP:
   160                                  
   161                                  ;===========================================================
   162                                  ; 初期値を持たない静的変数領域　FAR領域　偶数 
   163                                  ;===========================================================
   164                                          .SECTION        bss_FE, DATA
   165  00000                           bss_FE_TOP:
   166                                  
   167                                  ;===========================================================
   168                                  ; 初期値を持たない変数領域　FAR領域　奇数 
   169                                  ;===========================================================
   170                                          .SECTION        bss_FO, DATA
   171  00000                           bss_FO_TOP:
   172                                  
   173                                  
   174                                  
   175                                  
   176                                  ;===============================================================================
   177                                  ; スタック領域 
   178                                  ; ※アセンブル実行時に、-D_STACK=1 を定義する事で専用領域を確保します。
   179                                  ; 　ISP の使用を前提としていますので、USP を使用したい場合は各自で定義して下さい。
   180                                  ;===============================================================================
   181                                  .IF _STACK==1
   182                                  .ELSE
   183                                  ; RAM全体をスタックとして使用します。
   184  00003400h                       STACK_TOP       .EQU    (RAM_END + 1)
   185                                  .ENDIF
   186                                  
* M16C Series and R8C Family Assmbler *   SOURCE LIST       Wed Oct 31 16:45:29 2012  PAGE 004

  SEQ.  LOC.   OBJ.              0XMSDA ....*....SOURCE STATEMENT....7....*....8....*....9....*....0....*....1....*....2....*....3....*....4....*....5....*....6....*....7....*....8....*....9....*....0

   187                                  
   188                                  
   189                                  
   190                                  ;===============================================================================
   191                                  ; コード領域 
   192                                  ;===============================================================================
   193                                          .SECTION        program, CODE
   194  F0000                                   .ORG            ROM_TOP
   195                                  ;===========================================================
   196                                  ; 初期化 
   197                                  ;===========================================================
   198  F0000                           RESET:
   199                                  
   200                                          
   201                                          ;===== レジスタセットの初期化 =====
   202  F0000  EB300000                         LDC             #0, FLG                         ; フラグレジスタのクリア
   203  F0004  EB400034                         LDC             #STACK_TOP, ISP                 ; スタックポインタの設定 
   204  F0008  EB600004                         LDC             #SB_BASE, SB                    ; SBの設定 
   205  F000C  EB700004                         LDC             #FB_BASE, FB                    ; FBの設定 
   206  F0010  EB200F00                         LDINTB          #VARIABLE_VECTOR_TOP            ; 可変ベクタアドレスポイント設定 
               EB1000FE 
   207                                  
   208                                          
   209                                          ;===== RAMクリア(H'00) =====
   210                                          CLEAR           RAM_TOP, (RAM_END + 1 - RAM_TOP), 0
   211  F0018  B4                  M Z          MOV.B           #0, R0L                     ; クリアする値を代入 
   212  F0019  AA0004              M S          MOV.W           #(RAM_TOP & 0FFFFH), A1             ; クリアするアドレス先頭番地を代入 
   213  F001C  75C30030            M            MOV.W           #(RAM_END + 1 - RAM_TOP), R3                       ; クリアサイズを代入 
   214  F0020  7CEA                M            SSTR.B                                          ; クリア実行
   215                             M            .ENDM
   216                                          
   217                                          ;===== 静的変数初期値をコピー =====
   218                                          COPY            data_SEI_TOP, data_SE_TOP, data_SE 
   219  F0022  A20000r             M S          MOV.W           #(data_SEI_TOP & 0FFFFH) , A0           ; コピー元アドレス先頭番地  0-15bit を代入代入 
   220  F0025  74C300r             M            MOV.B           #(data_SEI_TOP >> 16), R1H              ; コピー元アドレス先頭番地 16-20bit を代入 
   221  F0028  AA0000r             M S          MOV.W           #data_SE_TOP, A1                                ; コピー先アドレス先頭番地を代入 
   222  F002B  75C30000r           M            MOV.W           #sizeof data_SE, R3                ; コピーサイズを代入 
   223  F002F  7CE8                M            SMOVF.B                                         ; コピー実行
   224                             M    
   225                             M            .ENDM
   226                                          COPY            data_SOI_TOP, data_SO_TOP, data_SO
   227  F0031  A20000r             M S          MOV.W           #(data_SOI_TOP & 0FFFFH) , A0           ; コピー元アドレス先頭番地  0-15bit を代入代入 
   228  F0034  74C300r             M            MOV.B           #(data_SOI_TOP >> 16), R1H              ; コピー元アドレス先頭番地 16-20bit を代入 
   229  F0037  AA0000r             M S          MOV.W           #data_SO_TOP, A1                                ; コピー先アドレス先頭番地を代入 
   230  F003A  75C30000r           M            MOV.W           #sizeof data_SO, R3                ; コピーサイズを代入 
   231  F003E  7CE8                M            SMOVF.B                                         ; コピー実行
   232                             M    
   233                             M            .ENDM
   234                                          COPY            data_NEI_TOP, data_NE_TOP, data_NE
   235  F0040  A20000r             M S          MOV.W           #(data_NEI_TOP & 0FFFFH) , A0           ; コピー元アドレス先頭番地  0-15bit を代入代入 
   236  F0043  74C300r             M            MOV.B           #(data_NEI_TOP >> 16), R1H              ; コピー元アドレス先頭番地 16-20bit を代入 
   237  F0046  AA0000r             M S          MOV.W           #data_NE_TOP, A1                                ; コピー先アドレス先頭番地を代入 
   238  F0049  75C30000r           M            MOV.W           #sizeof data_NE, R3                ; コピーサイズを代入 
   239  F004D  7CE8                M            SMOVF.B                                         ; コピー実行
   240                             M    
   241                             M            .ENDM
   242                                          COPY            data_NOI_TOP, data_NO_TOP, data_NO
   243  F004F  A20000r             M S          MOV.W           #(data_NOI_TOP & 0FFFFH) , A0           ; コピー元アドレス先頭番地  0-15bit を代入代入 
   244  F0052  74C300r             M            MOV.B           #(data_NOI_TOP >> 16), R1H              ; コピー元アドレス先頭番地 16-20bit を代入 
   245  F0055  AA0000r             M S          MOV.W           #data_NO_TOP, A1                                ; コピー先アドレス先頭番地を代入 
   246  F0058  75C30000r           M            MOV.W           #sizeof data_NO, R3                ; コピーサイズを代入 
   247  F005C  7CE8                M            SMOVF.B                                         ; コピー実行
* M16C Series and R8C Family Assmbler *   SOURCE LIST       Wed Oct 31 16:45:29 2012  PAGE 005

  SEQ.  LOC.   OBJ.              0XMSDA ....*....SOURCE STATEMENT....7....*....8....*....9....*....0....*....1....*....2....*....3....*....4....*....5....*....6....*....7....*....8....*....9....*....0

   248                             M    
   249                             M            .ENDM
   250                                          COPY            data_FEI_TOP, data_FE_TOP, data_FE
   251  F005E  A20000r             M S          MOV.W           #(data_FEI_TOP & 0FFFFH) , A0           ; コピー元アドレス先頭番地  0-15bit を代入代入 
   252  F0061  74C300r             M            MOV.B           #(data_FEI_TOP >> 16), R1H              ; コピー元アドレス先頭番地 16-20bit を代入 
   253  F0064  AA0000r             M S          MOV.W           #data_FE_TOP, A1                                ; コピー先アドレス先頭番地を代入 
   254  F0067  75C30000r           M            MOV.W           #sizeof data_FE, R3                ; コピーサイズを代入 
   255  F006B  7CE8                M            SMOVF.B                                         ; コピー実行
   256                             M    
   257                             M            .ENDM
   258                                          COPY            data_FOI_TOP, data_FO_TOP, data_FO 
   259  F006D  A20000r             M S          MOV.W           #(data_FOI_TOP & 0FFFFH) , A0           ; コピー元アドレス先頭番地  0-15bit を代入代入 
   260  F0070  74C300r             M            MOV.B           #(data_FOI_TOP >> 16), R1H              ; コピー元アドレス先頭番地 16-20bit を代入 
   261  F0073  AA0000r             M S          MOV.W           #data_FO_TOP, A1                                ; コピー先アドレス先頭番地を代入 
   262  F0076  75C30000r           M            MOV.W           #sizeof data_FO, R3                ; コピーサイズを代入 
   263  F007A  7CE8                M            SMOVF.B                                         ; コピー実行
   264                             M    
   265                             M            .ENDM
   266                                  
   267                                          ;===== ヒープ領域初期化 =====
   268                                  .IF _HEAP==1
   269                                  .ENDIF
   270                                  
   271                                  ;===========================================================
   272                                  ; パワーオンリセット関数呼び出し 
   273                                  ;===========================================================
   274                                          .GLB            _main
   275  F007C  FD000000r             A          JSR.A           _main
   276                                  
   277                                  ;===========================================================
   278                                  ; 無限ループ
   279                                  ;===========================================================
   280  F0080                           LOOP:
   281  F0080  FEFF                  B          JMP             LOOP
   282                                  
   283                                  ;===========================================================
   284                                  ; ダミー割り込み処理 
   285                                  ;===========================================================
   286  F0082                           DUMMY:
   287  F0082  FB                               REIT                                            ; 割り込み処理からの復帰
   288                                  
   289                                  
   290                                  
   291                                  
   292                                  ;===============================================================================
   293                                  ; 定数領域 NEAR
   294                                  ;===============================================================================
   295                                  ;===========================================================
   296                                  ; 変数の初期値領域　SBDATA領域　偶数 
   297                                  ;===========================================================
   298                                          .SECTION        data_SEI, ROMDATA
   299  00000                           data_SEI_TOP:
   300                                  
   301                                  ;===========================================================
   302                                  ; 変数の初期値領域　SBDATA領域　奇数 
   303                                  ;===========================================================
   304                                          .SECTION        data_SOI, ROMDATA
   305  00000                           data_SOI_TOP:
   306                                  
   307                                  ;===========================================================
   308                                  ; 変数の初期値領域　NEAR領域　偶数 
   309                                  ;===========================================================
* M16C Series and R8C Family Assmbler *   SOURCE LIST       Wed Oct 31 16:45:29 2012  PAGE 006

  SEQ.  LOC.   OBJ.              0XMSDA ....*....SOURCE STATEMENT....7....*....8....*....9....*....0....*....1....*....2....*....3....*....4....*....5....*....6....*....7....*....8....*....9....*....0

   310                                          .SECTION        data_NEI, ROMDATA
   311  00000                           data_NEI_TOP:
   312                                  
   313                                  ;===========================================================
   314                                  ; 変数の初期値領域　NEAR領域　奇数 
   315                                  ;===========================================================
   316                                          .SECTION        data_NOI, ROMDATA
   317  00000                           data_NOI_TOP:
   318                                  
   319                                  ;===========================================================
   320                                  ; 定数領域　NEAR領域　偶数 
   321                                  ;===========================================================
   322                                          .SECTION        rom_NE, ROMDATA
   323  00000                           rom_NE_TOP:
   324                                  
   325                                  ;===========================================================
   326                                  ; 定数領域　NEAR領域　奇数 
   327                                  ;===========================================================
   328                                          .SECTION        rom_NO, ROMDATA
   329  00000                           rom_NO_TOP:
   330                                  
   331                                  
   332                                  
   333                                  
   334                                  ;===============================================================================
   335                                  ; 定数領域 FAR
   336                                  ;===============================================================================
   337                                  ;===========================================================
   338                                  ; 変数の初期値領域　NEAR領域　偶数 
   339                                  ;===========================================================
   340                                          .SECTION        data_FEI, ROMDATA
   341  00000                           data_FEI_TOP:
   342                                  
   343                                  ;===========================================================
   344                                  ; 変数の初期値領域　NEAR領域　奇数 
   345                                  ;===========================================================
   346                                          .SECTION        data_FOI, ROMDATA
   347  00000                           data_FOI_TOP:
   348                                  
   349                                  ;===========================================================
   350                                  ; 定数領域　NEAR領域　偶数 
   351                                  ;===========================================================
   352                                          .SECTION        rom_FE, ROMDATA
   353  00000                           rom_FE_TOP:
   354                                  
   355                                  ;===========================================================
   356                                  ; 定数領域　NEAR領域　奇数 
   357                                  ;===========================================================
   358                                          .SECTION        rom_FO, ROMDATA
   359  00000                           rom_FO_TOP:
   360                                  
   361                                  
   362                                  
   363                                  ;===============================================================================
   364                                  ; 可変ベクタ領域 
   365                                  ;===============================================================================
   366                                          .SECTION        VARIABLE_VECTOR, ROMDATA
   367  FFE00                                   .ORG            VARIABLE_VECTOR_TOP
   368  FFE00  82000F00                         .LWORD          DUMMY                           ; 0             ; BRK命令 
   369  FFE04  82000F00                         .LWORD          DUMMY                           ; 1             ; CAN0ウエイクアップ
   370  FFE08  82000F00                         .LWORD          DUMMY                           ; 2             ; CAN0受信完了 
   371  FFE0C  82000F00                         .LWORD          DUMMY                           ; 3             ; CAN0送信完了 
* M16C Series and R8C Family Assmbler *   SOURCE LIST       Wed Oct 31 16:45:29 2012  PAGE 007

  SEQ.  LOC.   OBJ.              0XMSDA ....*....SOURCE STATEMENT....7....*....8....*....9....*....0....*....1....*....2....*....3....*....4....*....5....*....6....*....7....*....8....*....9....*....0

   372                                  		.GLB			_int_int3
   373  FFE10  00000000r                        .LWORD          _int_int3                       ; 4             ; INT3
   374  FFE14  82000F00                         .LWORD          DUMMY                           ; 5             ; IC/OC割り込み0
   375  FFE18  82000F00                         .LWORD          DUMMY                           ; 6             ; IC/OC割り込み1,I2Cbusインターフェース
   376  FFE1C  82000F00                         .LWORD          DUMMY                           ; 7             ; IC/OCベースタイマ、SCL/SDA
   377  FFE20  82000F00                         .LWORD          DUMMY                           ; 8             ; SI/O4,INT5
   378                                  		.GLB			_int_int4
   379  FFE24  00000000r                        .LWORD          _int_int4                      ; 9             ; SI/O3,INT4
   380  FFE28  82000F00                         .LWORD          DUMMY                           ; 10            ; UART2バス衝突検出
   381  FFE2C  82000F00                         .LWORD          DUMMY                           ; 11            ; DMA0
   382  FFE30  82000F00                         .LWORD          DUMMY                           ; 12            ; DMA1
   383  FFE34  82000F00                         .LWORD          DUMMY                           ; 13            ; CAN0エラー
   384  FFE38  82000F00                 		.LWORD			DUMMY		; 14            ; A/D,キー入力割り込み 
   385  FFE3C  82000F00                         .LWORD          DUMMY                           ; 15            ; UART2送信,NACK2
   386  FFE40  82000F00                         .LWORD          DUMMY                           ; 16            ; UART2受信,ACK2
   387  FFE44  82000F00                         .LWORD          DUMMY                           ; 17            ; UART0送信
   388  FFE48  82000F00                         .LWORD          DUMMY                           ; 18            ; UART0受信
   389  FFE4C  82000F00                         .LWORD          DUMMY                           ; 19            ; UART1送信
   390  FFE50  82000F00                         .LWORD          DUMMY                           ; 20            ; UART1受信
   391  FFE54  82000F00                         .LWORD          DUMMY                           ; 21            ; タイマA0
   392  FFE58  82000F00                         .LWORD          DUMMY                           ; 22            ; タイマA1
   393  FFE5C  82000F00                 		.LWORD			DUMMY								; 23            ; タイマA2
   394  FFE60  82000F00                         .LWORD          DUMMY                           ; 24            ; タイマA3
   395  FFE64  82000F00                         .LWORD          DUMMY                           ; 25            ; タイマA4
   396  FFE68  82000F00                         .LWORD          DUMMY                       ; 26            ; タイマB0
   397                                  		.GLB			_int_tb1
   398  FFE6C  00000000r                		.LWORD			_int_tb1							; 27		; タイマB1
   399                                  		.GLB			_int_tb2
   400  FFE70  00000000r                        .LWORD          _int_tb2                           ; 28            ; タイマB2
   401  FFE74  82000F00                         .LWORD          DUMMY                           ; 29            ; INT0
   402                                  		.GLB			_int_int1
   403  FFE78  00000000r                        .LWORD          _int_int1                  ; 30            ; INT1
   404                                  		.GLB			_int_int2
   405  FFE7C  00000000r                        .LWORD          _int_int2                       ; 31            ; INT2
   406  FFE80  82000F00                         .LWORD          DUMMY                           ; 32            ; ソフトウェア
   407  FFE84  82000F00                         .LWORD          DUMMY                           ; 33            ; ソフトウェア
   408  FFE88  82000F00                         .LWORD          DUMMY                           ; 34            ; ソフトウェア
   409  FFE8C  82000F00                         .LWORD          DUMMY                           ; 35            ; ソフトウェア
   410  FFE90  82000F00                         .LWORD          DUMMY                           ; 36            ; ソフトウェア
   411  FFE94  82000F00                         .LWORD          DUMMY                           ; 37            ; ソフトウェア
   412  FFE98  82000F00                         .LWORD          DUMMY                           ; 38            ; ソフトウェア
   413  FFE9C  82000F00                         .LWORD          DUMMY                           ; 39            ; ソフトウェア
   414  FFEA0  82000F00                         .LWORD          DUMMY                           ; 40            ; ソフトウェア
   415  FFEA4  82000F00                         .LWORD          DUMMY                           ; 41            ; ソフトウェア
   416  FFEA8  82000F00                         .LWORD          DUMMY                           ; 42            ; ソフトウェア
   417  FFEAC  82000F00                         .LWORD          DUMMY                           ; 43            ; ソフトウェア
   418  FFEB0  82000F00                         .LWORD          DUMMY                           ; 44            ; ソフトウェア
   419  FFEB4  82000F00                         .LWORD          DUMMY                           ; 45            ; ソフトウェア
   420  FFEB8  82000F00                         .LWORD          DUMMY                           ; 46            ; ソフトウェア
   421  FFEBC  82000F00                         .LWORD          DUMMY                           ; 47            ; ソフトウェア
   422  FFEC0  82000F00                         .LWORD          DUMMY                           ; 48            ; ソフトウェア
   423  FFEC4  82000F00                         .LWORD          DUMMY                           ; 49            ; ソフトウェア
   424  FFEC8  82000F00                         .LWORD          DUMMY                           ; 50            ; ソフトウェア
   425  FFECC  82000F00                         .LWORD          DUMMY                           ; 51            ; ソフトウェア
   426  FFED0  82000F00                         .LWORD          DUMMY                           ; 52            ; ソフトウェア
   427  FFED4  82000F00                         .LWORD          DUMMY                           ; 53            ; ソフトウェア
   428  FFED8  82000F00                         .LWORD          DUMMY                           ; 54            ; ソフトウェア
   429  FFEDC  82000F00                         .LWORD          DUMMY                           ; 55            ; ソフトウェア
   430  FFEE0  82000F00                         .LWORD          DUMMY                           ; 56            ; ソフトウェア
   431  FFEE4  82000F00                         .LWORD          DUMMY                           ; 57            ; ソフトウェア
   432  FFEE8  82000F00                         .LWORD          DUMMY                           ; 58            ; ソフトウェア
   433  FFEEC  82000F00                         .LWORD          DUMMY                           ; 59            ; ソフトウェア
* M16C Series and R8C Family Assmbler *   SOURCE LIST       Wed Oct 31 16:45:29 2012  PAGE 008

  SEQ.  LOC.   OBJ.              0XMSDA ....*....SOURCE STATEMENT....7....*....8....*....9....*....0....*....1....*....2....*....3....*....4....*....5....*....6....*....7....*....8....*....9....*....0

   434  FFEF0  82000F00                         .LWORD          DUMMY                           ; 60            ; ソフトウェア
   435  FFEF4  82000F00                         .LWORD          DUMMY                           ; 61            ; ソフトウェア
   436  FFEF8  82000F00                         .LWORD          DUMMY                           ; 62            ; ソフトウェア
   437  FFEFC  82000F00                         .LWORD          DUMMY                           ; 63            ; ソフトウェア
   438                                          
   439                                          
   440                                  
   441                                  
   442                                  ;===============================================================================
   443                                  ; 固定ベクタ領域 
   444                                  ;===============================================================================
   445                                          .SECTION        FIXED_VECTOR, ROMDATA
   446  FFFDC                                   .ORG            FIXED_VECTOR_TOP
   447  FFFDC  82000F                           .ADDR           DUMMY                   ; 未定義命令 
   448  FFFDF  FF                               .BYTE           IDCODE_0                ; IDコード０番 
   449  FFFE0  82000F                           .ADDR           DUMMY                   ; オーバーフロー命令 
   450  FFFE3  FF                               .BYTE           IDCODE_1                ; IDコード１番 
   451  FFFE4  82000F00                         .LWORD          DUMMY                   ; BRK命令 
   452  FFFE8  82000F                           .ADDR           DUMMY                   ; アドレス一致
   453  FFFEB  FF                               .BYTE           IDCODE_2                ; IDコード２番 
   454  FFFEC  82000F                           .ADDR           DUMMY                   ; シングルステップ(通常は使用しない)
   455  FFFEF  FF                               .BYTE           IDCODE_3                ; IDコード３番 
   456  FFFF0  82000F                           .ADDR           DUMMY                   ; ウォッチドッグタイマ、発振停止検出、電圧監視１・２
   457  FFFF3  FF                               .BYTE           IDCODE_4                ; IDコード４番 
   458  FFFF4  82000F                           .ADDR           DUMMY                   ; アドレスブレーク(通常は使用しない)
   459  FFFF7  FF                               .BYTE           IDCODE_5                ; IDコード５番 
   460  FFFF8  82000F                           .ADDR           DUMMY                   ; 予約 
   461  FFFFB  FF                               .BYTE           IDCODE_6                ; IDコード６番 
   462  FFFFC  00000F                           .ADDR           RESET                   ; リセット
   463  FFFFF  FF                               .BYTE           ROM_PROTECT             ; ROMプロテクトコード
   464                                  
   465                                  
   466                                  
   467                                  
   468                                  ;===============================================================================
   469                                  ; プログラム終端
   470                                  ;===============================================================================
   471                                          .END

Information List

TOTAL ERROR(S)    00000
TOTAL WARNING(S)  00000
TOTAL LINE(S)     00471   LINES

Section List

Attr        Size          Name
DATA     0000000(00000H)  heap
DATA     0000000(00000H)  data_SE
DATA     0000000(00000H)  data_SO
DATA     0000000(00000H)  bss_SE
DATA     0000000(00000H)  bss_SO
DATA     0000000(00000H)  data_NE
DATA     0000000(00000H)  data_NO
DATA     0000000(00000H)  bss_NE
DATA     0000000(00000H)  bss_NO
DATA     0000000(00000H)  data_FE
DATA     0000000(00000H)  data_FO
DATA     0000000(00000H)  bss_FE
DATA     0000000(00000H)  bss_FO
CODE     0000131(00083H)  program
ROMDATA  0000000(00000H)  data_SEI
ROMDATA  0000000(00000H)  data_SOI
ROMDATA  0000000(00000H)  data_NEI
ROMDATA  0000000(00000H)  data_NOI
ROMDATA  0000000(00000H)  rom_NE
ROMDATA  0000000(00000H)  rom_NO
ROMDATA  0000000(00000H)  data_FEI
ROMDATA  0000000(00000H)  data_FOI
ROMDATA  0000000(00000H)  rom_FE
ROMDATA  0000000(00000H)  rom_FO
ROMDATA  0000256(00100H)  VARIABLE_VECTOR
ROMDATA  0000036(00024H)  FIXED_VECTOR
